// Jest Snapshot v1, https://goo.gl/fbAQLP

exports[`MapMarker should render map marker 1`] = `
<ContextProvider
  value={
    Object {
      "store": Object {
        "clearActions": [Function],
        "dispatch": [Function],
        "getActions": [Function],
        "getState": [Function],
        "replaceReducer": [Function],
        "subscribe": [Function],
      },
      "subscription": Subscription {
        "handleChangeWrapper": [Function],
        "listeners": Object {
          "notify": [Function],
        },
        "onStateChange": [Function],
        "parentSub": undefined,
        "store": Object {
          "clearActions": [Function],
          "dispatch": [Function],
          "getActions": [Function],
          "getState": [Function],
          "replaceReducer": [Function],
          "subscribe": [Function],
        },
        "unsubscribe": null,
      },
    }
  }
>
  <Connect(Marker)
    props={
      Object {
        "mapData": Object {
          "modalData": Object {
            "authority": "constable",
            "name": "Black Crystal",
            "numGuards": 13,
            "population": 1385,
            "position": Array [
              244,
              141,
            ],
            "type": "small town",
            "wealth": 29842,
          },
          "show": true,
        },
        "markerProps": Object {
          "position": Array [
            500,
            65,
          ],
        },
      }
    }
  />
</ContextProvider>
`;
